Debugger listening on ws://127.0.0.1:52758/cc6a0cf0-2e4c-491d-a33a-9f30391511d6
For help, see: https://nodejs.org/en/docs/inspector
Debugger attached.

> @neorest/rooms-api@0.1.0 dev
> tsx watch src/index.ts

Debugger listening on ws://127.0.0.1:52764/2dbd2830-f57b-44de-a93b-d1006a5e7497
For help, see: https://nodejs.org/en/docs/inspector
Debugger attached.
Debugger listening on ws://127.0.0.1:52767/c0403bf6-cf22-4142-9519-4b3bee720d9b
For help, see: https://nodejs.org/en/docs/inspector
Debugger attached.
Initializing Node.js server on 0.0.0.0:8787
Server listening on http://0.0.0.0:8787
Rooms API (neorest) listening on http://localhost:8787
10:28:06 PM [tsx] unlink in ./../../../../node_modules/ws/wrapper.mjs Restarting...
Waiting for the debugger to disconnect...
cDebugger listening on ws://127.0.0.1:52944/7dd7cdc8-aa61-4384-8013-d585b446d10f
For help, see: https://nodejs.org/en/docs/inspector
10:28:06 PM [tsx] unlink in ./../../../../node_modules/ws/lib/websocket.js Restarting...
cDebugger listening on ws://127.0.0.1:52946/b6b97d07-8359-4e61-9e3c-71dfd612cc6d
For help, see: https://nodejs.org/en/docs/inspector
10:28:06 PM [tsx] unlink in ./../../../../node_modules/tsx/dist/lexer-DQCqS3nf.mjs Restarting...
cDebugger listening on ws://127.0.0.1:52952/566da336-d75f-40db-9ce6-fa364fac12b8
For help, see: https://nodejs.org/en/docs/inspector
Debugger attached.
Waiting for the debugger to disconnect...
node:internal/modules/cjs/loader:1252
  throw err;
  ^

Error: Cannot find module '/Users/dk/repos/neorest/node_modules/tsx/dist/preflight.cjs'
Require stack:
- internal/preload
    at Function._resolveFilename (node:internal/modules/cjs/loader:1249:15)
    at Function._load (node:internal/modules/cjs/loader:1075:27)
    at TracingChannel.traceSync (node:diagnostics_channel:315:14)
    at wrapModuleLoad (node:internal/modules/cjs/loader:218:24)
    at Module.require (node:internal/modules/cjs/loader:1340:12)
    at node:internal/modules/cjs/loader:1824:12
    at loadPreloadModules (node:internal/process/pre_execution:729:5)
    at setupUserModules (node:internal/process/pre_execution:207:5)
    at prepareExecution (node:internal/process/pre_execution:160:5)
    at prepareMainThreadExecution (node:internal/process/pre_execution:55:10) {
  code: 'MODULE_NOT_FOUND',
  requireStack: [ 'internal/preload' ]
}

Node.js v22.11.0
10:28:08 PM [tsx] change in ./../../../../node_modules/ws/lib/receiver.js Rerunning...
c10:28:08 PM [tsx] add in ./../../../../node_modules/tsx/dist/lexer-DQCqS3nf.mjs Restarting...
cDebugger listening on ws://127.0.0.1:53047/c9d99599-765f-4bee-96e9-4e02f8a5a4f0
For help, see: https://nodejs.org/en/docs/inspector
Debugger attached.
Initializing Node.js server on 0.0.0.0:8787
Server listening on http://0.0.0.0:8787
Rooms API (neorest) listening on http://localhost:8787
10:28:19 PM [tsx] change in ./../../../core/dist/CommunicationStrategy.js Restarting...
Waiting for the debugger to disconnect...
cDebugger listening on ws://127.0.0.1:53437/7ab670bd-ee8e-45c2-8caf-0b2397bec6fb
For help, see: https://nodejs.org/en/docs/inspector
10:28:19 PM [tsx] change in ./../../../core/dist/index.js Restarting...
cDebugger listening on ws://127.0.0.1:53442/78352c99-2e2d-4fc0-9fc6-f82956970669
For help, see: https://nodejs.org/en/docs/inspector
Debugger attached.

node:internal/modules/run_main:122
    triggerUncaughtException(
    ^
Waiting for the debugger to disconnect...
Error: Cannot find package '/Users/dk/repos/neorest/node_modules/@neorest/router-core/dist/index.js' imported from /Users/dk/repos/neorest/packages/router-node/dist/index.js
    at legacyMainResolve (node:internal/modules/esm/resolve:204:26)
    at packageResolve (node:internal/modules/esm/resolve:827:14)
    at moduleResolve (node:internal/modules/esm/resolve:907:18)
    at defaultResolve (node:internal/modules/esm/resolve:1037:11)
    at nextResolve (node:internal/modules/esm/hooks:748:28)
    at resolveBase (file:///Users/dk/repos/neorest/node_modules/tsx/dist/esm/index.mjs?1755019699611:2:3811)
    at resolveDirectory (file:///Users/dk/repos/neorest/node_modules/tsx/dist/esm/index.mjs?1755019699611:2:4310)
    at resolveTsPaths (file:///Users/dk/repos/neorest/node_modules/tsx/dist/esm/index.mjs?1755019699611:2:5051)
    at resolve (file:///Users/dk/repos/neorest/node_modules/tsx/dist/esm/index.mjs?1755019699611:2:5428)
    at nextResolve (node:internal/modules/esm/hooks:748:28) {
  code: 'ERR_MODULE_NOT_FOUND'
}

Node.js v22.11.0
10:28:20 PM [tsx] change in ./../../../router-core/dist/index.js Rerunning...
cDebugger listening on ws://127.0.0.1:53525/1a72c4d5-dfe2-4c50-94ff-e203c832941f
For help, see: https://nodejs.org/en/docs/inspector
Debugger attached.

node:internal/modules/run_main:122
    triggerUncaughtException(
    ^
Waiting for the debugger to disconnect...
Error: Cannot find package '/Users/dk/repos/neorest/node_modules/@neorest/router-node/dist/index.js' imported from /Users/dk/repos/neorest/packages/examples/rooms/rooms-api/src/index.ts
    at legacyMainResolve (node:internal/modules/esm/resolve:204:26)
    at packageResolve (node:internal/modules/esm/resolve:827:14)
    at moduleResolve (node:internal/modules/esm/resolve:907:18)
    at defaultResolve (node:internal/modules/esm/resolve:1037:11)
    at nextResolve (node:internal/modules/esm/hooks:748:28)
    at resolveBase (file:///Users/dk/repos/neorest/node_modules/tsx/dist/esm/index.mjs?1755019700793:2:3811)
    at resolveDirectory (file:///Users/dk/repos/neorest/node_modules/tsx/dist/esm/index.mjs?1755019700793:2:4310)
    at resolveTsPaths (file:///Users/dk/repos/neorest/node_modules/tsx/dist/esm/index.mjs?1755019700793:2:5051)
    at resolve (file:///Users/dk/repos/neorest/node_modules/tsx/dist/esm/index.mjs?1755019700793:2:5428)
    at nextResolve (node:internal/modules/esm/hooks:748:28) {
  code: 'ERR_MODULE_NOT_FOUND'
}

Node.js v22.11.0
10:32:30 PM [tsx] change in ./../../../core/dist/index.js Rerunning...
cDebugger listening on ws://127.0.0.1:51757/2cb89357-e601-4f5d-8d22-cf80e585d154
For help, see: https://nodejs.org/en/docs/inspector
Debugger attached.

node:internal/modules/run_main:122
    triggerUncaughtException(
    ^
Waiting for the debugger to disconnect...
Error: Cannot find package '/Users/dk/repos/neorest/node_modules/@neorest/router-node/dist/index.js' imported from /Users/dk/repos/neorest/packages/examples/rooms/rooms-api/src/index.ts
    at legacyMainResolve (node:internal/modules/esm/resolve:204:26)
    at packageResolve (node:internal/modules/esm/resolve:827:14)
    at moduleResolve (node:internal/modules/esm/resolve:907:18)
    at defaultResolve (node:internal/modules/esm/resolve:1037:11)
    at nextResolve (node:internal/modules/esm/hooks:748:28)
    at resolveBase (file:///Users/dk/repos/neorest/node_modules/tsx/dist/esm/index.mjs?1755019951092:2:3811)
    at resolveDirectory (file:///Users/dk/repos/neorest/node_modules/tsx/dist/esm/index.mjs?1755019951092:2:4310)
    at resolveTsPaths (file:///Users/dk/repos/neorest/node_modules/tsx/dist/esm/index.mjs?1755019951092:2:5051)
    at resolve (file:///Users/dk/repos/neorest/node_modules/tsx/dist/esm/index.mjs?1755019951092:2:5428)
    at nextResolve (node:internal/modules/esm/hooks:748:28) {
  code: 'ERR_MODULE_NOT_FOUND'
}

Node.js v22.11.0
10:32:32 PM [tsx] change in ./../../../router-core/dist/ServerConnection.js Rerunning...
cDebugger listening on ws://127.0.0.1:51830/42e07ca3-f8fa-4962-b8f5-e027d470d622
For help, see: https://nodejs.org/en/docs/inspector
Debugger attached.
10:32:32 PM [tsx] change in ./../../../router-core/dist/index.js Restarting...
cDebugger listening on ws://127.0.0.1:51839/d874d9ce-9f5c-45b4-8dc2-ab891698bef7
For help, see: https://nodejs.org/en/docs/inspector
Debugger attached.

node:internal/modules/run_main:122
    triggerUncaughtException(
    ^
Waiting for the debugger to disconnect...
Error: Cannot find package '/Users/dk/repos/neorest/node_modules/@neorest/router-node/dist/index.js' imported from /Users/dk/repos/neorest/packages/examples/rooms/rooms-api/src/index.ts
    at legacyMainResolve (node:internal/modules/esm/resolve:204:26)
    at packageResolve (node:internal/modules/esm/resolve:827:14)
    at moduleResolve (node:internal/modules/esm/resolve:907:18)
    at defaultResolve (node:internal/modules/esm/resolve:1037:11)
    at nextResolve (node:internal/modules/esm/hooks:748:28)
    at resolveBase (file:///Users/dk/repos/neorest/node_modules/tsx/dist/esm/index.mjs?1755019952286:2:3811)
    at resolveDirectory (file:///Users/dk/repos/neorest/node_modules/tsx/dist/esm/index.mjs?1755019952286:2:4310)
    at resolveTsPaths (file:///Users/dk/repos/neorest/node_modules/tsx/dist/esm/index.mjs?1755019952286:2:5051)
    at resolve (file:///Users/dk/repos/neorest/node_modules/tsx/dist/esm/index.mjs?1755019952286:2:5428)
    at nextResolve (node:internal/modules/esm/hooks:748:28) {
  code: 'ERR_MODULE_NOT_FOUND'
}

Node.js v22.11.0
10:33:38 PM [tsx] change in ./../../../core/dist/CommunicationStrategy.js Rerunning...
cDebugger listening on ws://127.0.0.1:55759/d48b8bc9-3d0b-453a-b4c4-41d271f2a2d9
For help, see: https://nodejs.org/en/docs/inspector
10:33:38 PM [tsx] change in ./../../../core/dist/index.js Restarting...
cDebugger listening on ws://127.0.0.1:55768/d233b8c8-8d75-47dd-b30f-26f92ffc87ea
For help, see: https://nodejs.org/en/docs/inspector
Debugger attached.

node:internal/modules/run_main:122
    triggerUncaughtException(
    ^
Waiting for the debugger to disconnect...
Error: Cannot find package '/Users/dk/repos/neorest/node_modules/@neorest/router-node/dist/index.js' imported from /Users/dk/repos/neorest/packages/examples/rooms/rooms-api/src/index.ts
    at legacyMainResolve (node:internal/modules/esm/resolve:204:26)
    at packageResolve (node:internal/modules/esm/resolve:827:14)
    at moduleResolve (node:internal/modules/esm/resolve:907:18)
    at defaultResolve (node:internal/modules/esm/resolve:1037:11)
    at nextResolve (node:internal/modules/esm/hooks:748:28)
    at resolveBase (file:///Users/dk/repos/neorest/node_modules/tsx/dist/esm/index.mjs?1755020018751:2:3811)
    at resolveDirectory (file:///Users/dk/repos/neorest/node_modules/tsx/dist/esm/index.mjs?1755020018751:2:4310)
    at resolveTsPaths (file:///Users/dk/repos/neorest/node_modules/tsx/dist/esm/index.mjs?1755020018751:2:5051)
    at resolve (file:///Users/dk/repos/neorest/node_modules/tsx/dist/esm/index.mjs?1755020018751:2:5428)
    at nextResolve (node:internal/modules/esm/hooks:748:28) {
  code: 'ERR_MODULE_NOT_FOUND'
}

Node.js v22.11.0
10:33:39 PM [tsx] change in ./../../../router-core/dist/index.js Rerunning...
cDebugger listening on ws://127.0.0.1:55868/07c424ae-f5c5-4144-a134-6d1e7744894f
For help, see: https://nodejs.org/en/docs/inspector
Debugger attached.

node:internal/modules/run_main:122
    triggerUncaughtException(
    ^
Waiting for the debugger to disconnect...
Error: Cannot find package '/Users/dk/repos/neorest/node_modules/@neorest/router-node/dist/index.js' imported from /Users/dk/repos/neorest/packages/examples/rooms/rooms-api/src/index.ts
    at legacyMainResolve (node:internal/modules/esm/resolve:204:26)
    at packageResolve (node:internal/modules/esm/resolve:827:14)
    at moduleResolve (node:internal/modules/esm/resolve:907:18)
    at defaultResolve (node:internal/modules/esm/resolve:1037:11)
    at nextResolve (node:internal/modules/esm/hooks:748:28)
    at resolveBase (file:///Users/dk/repos/neorest/node_modules/tsx/dist/esm/index.mjs?1755020019847:2:3811)
    at resolveDirectory (file:///Users/dk/repos/neorest/node_modules/tsx/dist/esm/index.mjs?1755020019847:2:4310)
    at resolveTsPaths (file:///Users/dk/repos/neorest/node_modules/tsx/dist/esm/index.mjs?1755020019847:2:5051)
    at resolve (file:///Users/dk/repos/neorest/node_modules/tsx/dist/esm/index.mjs?1755020019847:2:5428)
    at nextResolve (node:internal/modules/esm/hooks:748:28) {
  code: 'ERR_MODULE_NOT_FOUND'
}

Node.js v22.11.0
10:34:54 PM [tsx] change in ./../../../router-node/dist/index.js Rerunning...
cDebugger listening on ws://127.0.0.1:61670/c50df6ec-a109-4b91-a6aa-e7ab6350b58f
For help, see: https://nodejs.org/en/docs/inspector
Debugger attached.
Initializing Node.js server on 0.0.0.0:8787
Server listening on http://0.0.0.0:8787
Rooms API (neorest) listening on http://localhost:8787
10:36:42 PM [tsx] change in ./../../../router-node/dist/strategies/WebSocketStrategy.js Restarting...
Waiting for the debugger to disconnect...
cDebugger listening on ws://127.0.0.1:53528/444bb8ae-25b4-432d-96c9-4d346e2ef199
For help, see: https://nodejs.org/en/docs/inspector
Debugger attached.
Initializing Node.js server on 0.0.0.0:8787
Server listening on http://0.0.0.0:8787
Rooms API (neorest) listening on http://localhost:8787
